=========================================================
                 Timing Analysis Report
=========================================================

Design Name      : ALU_TOP
Date             : 18-Jul-2026

---------------------------------------------------------
Timing Summary
---------------------------------------------------------

Startpoint       : alu_reg
Endpoint         : fifo_reg

Slack (MET)      : 0.245

Clock Frequency  : 200 MHz

---------------------------------------------------------
Synthesis Summary
---------------------------------------------------------

Total Cell Area  : 15432.45
Cell Count       : 1245

---------------------------------------------------------
Status
---------------------------------------------------------

Timing Status    : PASSED

=========================================================
                 End of Report
=========================================================
